---
env:
  APP_ENV: production
  API_KEY: app_level_key
steps:
- commands:
  - "# No need for checkout, the agent takes care of that"
  - pip install -r requirements/dev.txt
  - |
    #!/bin/bash
    echo "App ENV: $APP_ENV"
    echo "Workflow ENV: $WORKFLOW_ENV"
    echo "Setting MY_RELEASE_NOTE for alpha"
    export MY_RELEASE_NOTE="This is the release note for alpha"
    echo "My Release Note: $MY_RELEASE_NOTE"
  env:
    WORKFLOW_ENV: staging
    BUILD_TYPE: release
  label: primary
  key: primary
