---
steps:
- group: build
  key: build
  steps:
  - commands:
    - "# No need for cloning, the agent takes care of that"
    - bundle check || bundle install --jobs 4 --retry 1
    - "./build-app.sh"
    label: build
    key: build
