---
steps:
- commands:
  - "# No need for cloning, the agent takes care of that"
  - "./build-app.sh"
  label: build
  key: build
- commands:
  - "./deploy-app.sh"
  label: deploy
  key: deploy
