---
steps:
- commands:
  - "# No need for checkout, the agent takes care of that"
  - docker pull ubuntu:16.04
  - docker pull ubuntu:18.04
  plugins:
  - docker#v5.10.0:
      image: circleci/python:3.7
  agents:
    executor_type: docker
  key: pull
