---
steps:
- commands:
  - cd /go/src/github.com/segmentio/kafka-go
  - Need to use Docker Compose for multiple image execution :(
  - "# No need for checkout, the agent takes care of that"
  - "#  No need to setup remote docker, use the host docker"
  - go get -v -t . ./gzip ./lz4 ./sasl ./snappy
  - go test -v -race -cover -timeout 150s . ./gzip ./lz4 ./sasl ./snappy
  env:
    KAFKA_VERSION: 0.10.1
  key: kafka-010
- commands:
  - cd /go/src/github.com/segmentio/kafka-go
  - Need to use Docker Compose for multiple image execution :(
  - "# No need for checkout, the agent takes care of that"
  - "#  No need to setup remote docker, use the host docker"
  - go get -v -t . ./gzip ./lz4 ./sasl ./snappy
  - go test -v -race -cover -timeout 150s . ./gzip ./lz4 ./sasl ./snappy
  env:
    KAFKA_VERSION: 0.11.0
  key: kafka-011
- commands:
  - cd /go/src/github.com/segmentio/kafka-go
  - Need to use Docker Compose for multiple image execution :(
  - "# No need for checkout, the agent takes care of that"
  - "#  No need to setup remote docker, use the host docker"
  - go get -v -t . ./gzip ./lz4 ./sasl ./snappy
  - go test -v -race -cover -timeout 150s . ./gzip ./lz4 ./sasl ./snappy
  env:
    KAFKA_VERSION: 1.1.1
  key: kafka-111
- commands:
  - cd /go/src/github.com/segmentio/kafka-go
  - Need to use Docker Compose for multiple image execution :(
  - "# No need for checkout, the agent takes care of that"
  - "#  No need to setup remote docker, use the host docker"
  - go get -v -t . ./gzip ./lz4 ./sasl ./snappy
  - go test -v -race -cover -timeout 150s $(go list ./... | grep -v examples)
  env:
    KAFKA_VERSION: 2.1.0
  key: kafka-210
