---
steps:
- key: execute-5af567048c196d644962c4772d3aafb6029184c3
  prompt: Execute step 5af567048c196d644962c4772d3aafb6029184c3?
  input: execute-5af567048c196d644962c4772d3aafb6029184c3
- commands:
  - echo "Manual triggers for Sonar are awesome!"
  label: sonar Script step
