---
steps:
- group: build
  key: build
  steps:
  - commands:
    - "# No need for cloning, the agent takes care of that"
    - "./build-app.sh"
- group: deploy
  key: deploy
  steps:
  - commands:
    - "./deploy-app.sh"
