---
steps:
- commands:
  - "# Can not translate this just yet"
