---
steps:
- commands:
  - "# Libraries are not supported at this time :("
  label: Libraries
- commands:
  - script
  - myCustomStep
  key: Stage Library
